
> backend@1.0.0 test
> cross-env NODE_ENV=test node --experimental-vm-modules node_modules/jest/bin/jest.js --forceExit

node.exe : ts-jest[config] (WARN) 
At line:1 char:1
+ & "C:\Program Files\nodejs/node.exe" 
"C:\Program Files\nodejs/node_mo ...
+ ~~~~~~~~~~~~~~~~~~~~~~~~~~~~~~~~~~~~~~~~~~~~~
~~~~~~~~~~~~~~~~~~~~~~~~
    + CategoryInfo          : NotSpecified: (t 
   s-jest[config] (WARN) :String) [], RemoteE  
  xception
    + FullyQualifiedErrorId : NativeCommandErr 
   or
 
    The "ts-jest" config option 
"isolatedModules" is deprecated and will be 
removed in v30.0.0. Please use 
"isolatedModules: true" in C:/Users/zenvook/Des
ktop/feed-pulse/backend/tsconfig.json instead, 
see https://www.typescriptlang.org/tsconfig/#is
olatedModules
  
ts-jest[config] (WARN) 
    The "ts-jest" config option 
"isolatedModules" is deprecated and will be 
removed in v30.0.0. Please use 
"isolatedModules: true" in C:/Users/zenvook/Des
ktop/feed-pulse/backend/tsconfig.json instead, 
see https://www.typescriptlang.org/tsconfig/#is
olatedModules
  
(node:20456) ExperimentalWarning: VM Modules 
is an experimental feature and might change at 
any time
(Use `node --trace-warnings ...` to show where 
the warning was created)
PASS src/__tests__/gemini.test.ts
  ΓùÅ Console

    console.log
      [dotenv@17.3.1] injecting env (6) from 
.env -- tip: ΓÜÖ∩╕Å  write to custom object 
with { processEnv: myObject }

      at _log 
(node_modules/dotenv/lib/main.js:139:11)

(node:1212) ExperimentalWarning: VM Modules is 
an experimental feature and might change at 
any time
(Use `node --trace-warnings ...` to show where 
the warning was created)
FAIL src/__tests__/api.test.ts (5.8 s)
  ΓùÅ Console

    console.log
      [dotenv@17.3.1] injecting env (6) from 
.env -- tip: ≡ƒñû agentic secret storage: 
https://dotenvx.com/as2

      at _log 
(node_modules/dotenv/lib/main.js:139:11)

    console.log
      [dotenv@17.3.1] injecting env (0) from 
.env -- tip: ΓÜÖ∩╕Å  override existing env 
vars with { override: true }

      at _log 
(node_modules/dotenv/lib/main.js:139:11)

    console.log
      [dotenv@17.3.1] injecting env (0) from 
.env -- tip: ΓÜÖ∩╕Å  override existing env 
vars with { override: true }

      at _log 
(node_modules/dotenv/lib/main.js:139:11)

    console.log
      FeedbackRouter: authMiddleware is: 
function

      at src/routes/feedback.routes.ts:9:9

  ΓùÅ Feedback API Unit Tests ΓÇ║ 2. POST 
/api/feedback - Valid submission saves to DB 
and triggers AI

    thrown: "Exceeded timeout of 5000 ms for a 
test.
    Add a timeout value to this test to 
increase the timeout, if this is a 
long-running test. See https://jestjs.io/docs/a
pi#testname-fn-timeout."

    [0m [90m 28 |[39m     })[33m;[39m
     [90m 29 |[39m
    [31m[1m>[22m[39m[90m 30 |[39m     
test([32m'2. POST /api/feedback - Valid 
submission saves to DB and triggers 
AI'[39m[33m,[39m [36masync[39m () 
[33m=>[39m {
     [90m    |[39m     [31m[1m^[22m[39m
     [90m 31 |[39m         [90m// Prepare 
mock setup[39m
     [90m 32 |[39m         [36mconst[39m 
mockFeedbackData [33m=[39m {
     [90m 33 |[39m             
title[33m:[39m [32m"Dark mode 
breaks"[39m[33m,[39m[0m

      at src/__tests__/api.test.ts:30:5
      at src/__tests__/api.test.ts:10:1

A worker process has failed to exit gracefully 
and has been force exited. This is likely 
caused by tests leaking due to improper 
teardown. Try running with --detectOpenHandles 
to find leaks. Active timers can also cause 
this, ensure that .unref() was called on them.
Test Suites: 1 failed, 1 passed, 2 total
Tests:       1 failed, 4 passed, 5 total
Snapshots:   0 total
Time:        6.863 s
Ran all test suites.
Force exiting Jest: Have you considered using 
`--detectOpenHandles` to detect async 
operations that kept running after all tests 
finished?
